--------------------------------------------------------------------------------------
Timing Analyzer Summary
--------------------------------------------------------------------------------------

Type           : Worst-case tsu
Slack          : N/A
Required Time  : None
Actual Time    : 22.061 ns
From           : reset
To             : controller:inst1|key2[6]
From Clock     : --
To Clock       : clk
Failed Paths   : 0

Type           : Worst-case tco
Slack          : N/A
Required Time  : None
Actual Time    : 18.809 ns
From           : p2s:inst5|data_out
To             : p2s_dout
From Clock     : clk
To Clock       : --
Failed Paths   : 0

Type           : Worst-case tpd
Slack          : N/A
Required Time  : None
Actual Time    : 3.056 ns
From           : altera_internal_jtag~TDO
To             : altera_reserved_tdo
From Clock     : --
To Clock       : --
Failed Paths   : 0

Type           : Worst-case th
Slack          : N/A
Required Time  : None
Actual Time    : 3.976 ns
From           : altera_internal_jtag~TMSUTAP
To             : sld_hub:sld_hub_inst|sld_shadow_jsm:shadow_jsm|tms_cnt[0]
From Clock     : --
To Clock       : altera_internal_jtag~TCKUTAP
Failed Paths   : 0

Type           : Clock Setup: 'clk'
Slack          : N/A
Required Time  : None
Actual Time    : 11.39 MHz ( period = 87.802 ns )
From           : wavegen:inst6|square:sq1|altsyncram:altsyncram_component|altsyncram_pra1:auto_generated|ram_block1a0~porta_address_reg6
To             : modulator:inst3|wave1[9]
From Clock     : clk
To Clock       : clk
Failed Paths   : 0

Type           : Clock Setup: 'altera_internal_jtag~TCKUTAP'
Slack          : N/A
Required Time  : None
Actual Time    : 117.12 MHz ( period = 8.538 ns )
From           : controller:inst1|maj7:seq1|altsyncram:altsyncram_component|altsyncram_pec1:auto_generated|sld_mod_ram_rom:mgl_prim2|ram_rom_data_reg[0]
To             : sld_hub:sld_hub_inst|tdo
From Clock     : altera_internal_jtag~TCKUTAP
To Clock       : altera_internal_jtag~TCKUTAP
Failed Paths   : 0

Type           : Clock Hold: 'clk'
Slack          : Not operational: Clock Skew > Data Delay
Required Time  : None
Actual Time    : N/A
From           : controller:inst1|curbtns[4]
To             : controller:inst1|diff_btn_vec[4]
From Clock     : clk
To Clock       : clk
Failed Paths   : 121

Type           : Total number of failed paths
Slack          : 
Required Time  : 
Actual Time    : 
From           : 
To             : 
From Clock     : 
To Clock       : 
Failed Paths   : 121

--------------------------------------------------------------------------------------

