Flow report for 8bitbrain
Thu Apr 15 19:01:10 2010
Quartus II Version 9.0 Build 235 06/17/2009 Service Pack 2 SJ Web Edition


---------------------
; Table of Contents ;
---------------------
  1. Legal Notice
  2. Flow Summary
  3. Flow Settings
  4. Flow Non-Default Global Settings
  5. Flow Elapsed Time
  6. Flow OS Summary
  7. Flow Log



----------------
; Legal Notice ;
----------------
Copyright (C) 1991-2009 Altera Corporation
Your use of Altera Corporation's design tools, logic functions 
and other software and tools, and its AMPP partner logic 
functions, and any output files from any of the foregoing 
(including device programming or simulation files), and any 
associated documentation or information are expressly subject 
to the terms and conditions of the Altera Program License 
Subscription Agreement, Altera MegaCore Function License 
Agreement, or other applicable license agreement, including, 
without limitation, that your use is for the sole purpose of 
programming logic devices manufactured by Altera and sold by 
Altera or its authorized distributors.  Please refer to the 
applicable agreement for further details.



+-----------------------------------------------------------------------------------+
; Flow Summary                                                                      ;
+------------------------------------+----------------------------------------------+
; Flow Status                        ; Successful - Thu Apr 15 19:01:09 2010        ;
; Quartus II Version                 ; 9.0 Build 235 06/17/2009 SP 2 SJ Web Edition ;
; Revision Name                      ; 8bitbrain                                    ;
; Top-level Entity Name              ; 8bitbrain                                    ;
; Family                             ; Cyclone II                                   ;
; Device                             ; EP2C8T144C8                                  ;
; Timing Models                      ; Final                                        ;
; Met timing requirements            ; No                                           ;
; Total logic elements               ; 6,696 / 8,256 ( 81 % )                       ;
;     Total combinational functions  ; 6,433 / 8,256 ( 78 % )                       ;
;     Dedicated logic registers      ; 1,320 / 8,256 ( 16 % )                       ;
; Total registers                    ; 1320                                         ;
; Total pins                         ; 56 / 85 ( 66 % )                             ;
; Total virtual pins                 ; 0                                            ;
; Total memory bits                  ; 63,943 / 165,888 ( 39 % )                    ;
; Embedded Multiplier 9-bit elements ; 24 / 36 ( 67 % )                             ;
; Total PLLs                         ; 0 / 2 ( 0 % )                                ;
+------------------------------------+----------------------------------------------+


+-----------------------------------------+
; Flow Settings                           ;
+-------------------+---------------------+
; Option            ; Setting             ;
+-------------------+---------------------+
; Start date & time ; 04/15/2010 18:59:31 ;
; Main task         ; Compilation         ;
; Revision Name     ; 8bitbrain           ;
+-------------------+---------------------+


+-------------------------------------------------------------------------------------------------------------------------------------------------------+
; Flow Non-Default Global Settings                                                                                                                      ;
+-------------------------------------------------+---------------------------------------+------------------------------+-------------+----------------+
; Assignment Name                                 ; Value                                 ; Default Value                ; Entity Name ; Section Id     ;
+-------------------------------------------------+---------------------------------------+------------------------------+-------------+----------------+
; COMPILER_SIGNATURE_ID                           ; 151176630078.127136877102516          ; --                           ; --          ; --             ;
; CYCLONEII_OPTIMIZATION_TECHNIQUE                ; Area                                  ; Balanced                     ; --          ; --             ;
; DISABLE_OCP_HW_EVAL                             ; On                                    ; Off                          ; --          ; --             ;
; ENABLE_LOGIC_ANALYZER_INTERFACE                 ; Off                                   ; --                           ; --          ; --             ;
; ENABLE_SIGNALTAP                                ; Off                                   ; --                           ; --          ; --             ;
; FITTER_EFFORT                                   ; Fast Fit                              ; Auto Fit                     ; --          ; --             ;
; INCREMENTAL_COMPILATION                         ; Off                                   ; FULL_INCREMENTAL_COMPILATION ; --          ; --             ;
; IP_TOOL_NAME                                    ; ALTSYNCRAM                            ; --                           ; --          ; --             ;
; IP_TOOL_NAME                                    ; LPM_DIVIDE                            ; --                           ; --          ; --             ;
; IP_TOOL_NAME                                    ; PARALLEL_ADD                          ; --                           ; --          ; --             ;
; IP_TOOL_NAME                                    ; LPM_MULT                              ; --                           ; --          ; --             ;
; IP_TOOL_NAME                                    ; LPM_ADD_SUB                           ; --                           ; --          ; --             ;
; IP_TOOL_NAME                                    ; LPM_MULT                              ; --                           ; --          ; --             ;
; IP_TOOL_NAME                                    ; LPM_DIVIDE                            ; --                           ; --          ; --             ;
; IP_TOOL_NAME                                    ; ALTSYNCRAM                            ; --                           ; --          ; --             ;
; IP_TOOL_NAME                                    ; LPM_MUX                               ; --                           ; --          ; --             ;
; IP_TOOL_NAME                                    ; ALTSYNCRAM                            ; --                           ; --          ; --             ;
; IP_TOOL_NAME                                    ; LPM_ROM                               ; --                           ; --          ; --             ;
; IP_TOOL_NAME                                    ; LPM_ROM                               ; --                           ; --          ; --             ;
; IP_TOOL_NAME                                    ; ALTSYNCRAM                            ; --                           ; --          ; --             ;
; IP_TOOL_NAME                                    ; ALTSYNCRAM                            ; --                           ; --          ; --             ;
; IP_TOOL_NAME                                    ; ALTSYNCRAM                            ; --                           ; --          ; --             ;
; IP_TOOL_NAME                                    ; LPM_ROM                               ; --                           ; --          ; --             ;
; IP_TOOL_NAME                                    ; LPM_ROM                               ; --                           ; --          ; --             ;
; IP_TOOL_NAME                                    ; LPM_ROM                               ; --                           ; --          ; --             ;
; IP_TOOL_NAME                                    ; LPM_ROM                               ; --                           ; --          ; --             ;
; IP_TOOL_NAME                                    ; ALTSYNCRAM                            ; --                           ; --          ; --             ;
; IP_TOOL_NAME                                    ; LPM_ROM                               ; --                           ; --          ; --             ;
; IP_TOOL_NAME                                    ; ALTPLL                                ; --                           ; --          ; --             ;
; IP_TOOL_VERSION                                 ; 9.0                                   ; --                           ; --          ; --             ;
; IP_TOOL_VERSION                                 ; 9.0                                   ; --                           ; --          ; --             ;
; IP_TOOL_VERSION                                 ; 9.0                                   ; --                           ; --          ; --             ;
; IP_TOOL_VERSION                                 ; 9.0                                   ; --                           ; --          ; --             ;
; IP_TOOL_VERSION                                 ; 9.0                                   ; --                           ; --          ; --             ;
; IP_TOOL_VERSION                                 ; 9.0                                   ; --                           ; --          ; --             ;
; IP_TOOL_VERSION                                 ; 9.0                                   ; --                           ; --          ; --             ;
; IP_TOOL_VERSION                                 ; 9.0                                   ; --                           ; --          ; --             ;
; IP_TOOL_VERSION                                 ; 9.0                                   ; --                           ; --          ; --             ;
; IP_TOOL_VERSION                                 ; 9.0                                   ; --                           ; --          ; --             ;
; IP_TOOL_VERSION                                 ; 9.0                                   ; --                           ; --          ; --             ;
; IP_TOOL_VERSION                                 ; 9.0                                   ; --                           ; --          ; --             ;
; IP_TOOL_VERSION                                 ; 9.0                                   ; --                           ; --          ; --             ;
; IP_TOOL_VERSION                                 ; 9.0                                   ; --                           ; --          ; --             ;
; IP_TOOL_VERSION                                 ; 9.0                                   ; --                           ; --          ; --             ;
; IP_TOOL_VERSION                                 ; 9.0                                   ; --                           ; --          ; --             ;
; IP_TOOL_VERSION                                 ; 9.0                                   ; --                           ; --          ; --             ;
; IP_TOOL_VERSION                                 ; 9.0                                   ; --                           ; --          ; --             ;
; IP_TOOL_VERSION                                 ; 9.0                                   ; --                           ; --          ; --             ;
; IP_TOOL_VERSION                                 ; 9.0                                   ; --                           ; --          ; --             ;
; IP_TOOL_VERSION                                 ; 9.0                                   ; --                           ; --          ; --             ;
; IP_TOOL_VERSION                                 ; 9.0                                   ; --                           ; --          ; --             ;
; MAX_CORE_JUNCTION_TEMP                          ; 85                                    ; --                           ; --          ; --             ;
; MIN_CORE_JUNCTION_TEMP                          ; 0                                     ; --                           ; --          ; --             ;
; MISC_FILE                                       ; c:/workspace/8bitbrain/8bitbrain.dpf  ; --                           ; --          ; --             ;
; MISC_FILE                                       ; altsyncram0.tdf                       ; --                           ; --          ; --             ;
; MISC_FILE                                       ; altsyncram0.bsf                       ; --                           ; --          ; --             ;
; MISC_FILE                                       ; altsyncram0.cmp                       ; --                           ; --          ; --             ;
; MISC_FILE                                       ; lpm_divide0.bsf                       ; --                           ; --          ; --             ;
; MISC_FILE                                       ; lpm_divide0.inc                       ; --                           ; --          ; --             ;
; MISC_FILE                                       ; lpm_divide0.cmp                       ; --                           ; --          ; --             ;
; MISC_FILE                                       ; mixeradd.bsf                          ; --                           ; --          ; --             ;
; MISC_FILE                                       ; mixeradd.inc                          ; --                           ; --          ; --             ;
; MISC_FILE                                       ; mixeradd.cmp                          ; --                           ; --          ; --             ;
; MISC_FILE                                       ; mixermult.bsf                         ; --                           ; --          ; --             ;
; MISC_FILE                                       ; mixermult.inc                         ; --                           ; --          ; --             ;
; MISC_FILE                                       ; mixermult.cmp                         ; --                           ; --          ; --             ;
; MISC_FILE                                       ; mixersub.bsf                          ; --                           ; --          ; --             ;
; MISC_FILE                                       ; mixersub.inc                          ; --                           ; --          ; --             ;
; MISC_FILE                                       ; mixersub.cmp                          ; --                           ; --          ; --             ;
; MISC_FILE                                       ; asdrmult.bsf                          ; --                           ; --          ; --             ;
; MISC_FILE                                       ; asdrmult.cmp                          ; --                           ; --          ; --             ;
; MISC_FILE                                       ; asdrdiv.bsf                           ; --                           ; --          ; --             ;
; MISC_FILE                                       ; asdrdiv.cmp                           ; --                           ; --          ; --             ;
; MISC_FILE                                       ; maj7.bsf                              ; --                           ; --          ; --             ;
; MISC_FILE                                       ; maj7.cmp                              ; --                           ; --          ; --             ;
; MISC_FILE                                       ; arp_mux.bsf                           ; --                           ; --          ; --             ;
; MISC_FILE                                       ; arp_mux.cmp                           ; --                           ; --          ; --             ;
; MISC_FILE                                       ; int_bank.bsf                          ; --                           ; --          ; --             ;
; MISC_FILE                                       ; int_bank.inc                          ; --                           ; --          ; --             ;
; MISC_FILE                                       ; int_bank.cmp                          ; --                           ; --          ; --             ;
; MISC_FILE                                       ; lpm_rom0.bsf                          ; --                           ; --          ; --             ;
; MISC_FILE                                       ; lpm_rom0.inc                          ; --                           ; --          ; --             ;
; MISC_FILE                                       ; lpm_rom0.cmp                          ; --                           ; --          ; --             ;
; MISC_FILE                                       ; keyrom.bsf                            ; --                           ; --          ; --             ;
; MISC_FILE                                       ; keyrom.inc                            ; --                           ; --          ; --             ;
; MISC_FILE                                       ; keyrom.cmp                            ; --                           ; --          ; --             ;
; MISC_FILE                                       ; square.bsf                            ; --                           ; --          ; --             ;
; MISC_FILE                                       ; square.inc                            ; --                           ; --          ; --             ;
; MISC_FILE                                       ; square.cmp                            ; --                           ; --          ; --             ;
; MISC_FILE                                       ; triangle.bsf                          ; --                           ; --          ; --             ;
; MISC_FILE                                       ; triangle.inc                          ; --                           ; --          ; --             ;
; MISC_FILE                                       ; triangle.cmp                          ; --                           ; --          ; --             ;
; MISC_FILE                                       ; bytebank.bsf                          ; --                           ; --          ; --             ;
; MISC_FILE                                       ; bytebank.inc                          ; --                           ; --          ; --             ;
; MISC_FILE                                       ; bytebank.cmp                          ; --                           ; --          ; --             ;
; MISC_FILE                                       ; pow.bsf                               ; --                           ; --          ; --             ;
; MISC_FILE                                       ; pow.inc                               ; --                           ; --          ; --             ;
; MISC_FILE                                       ; pow.cmp                               ; --                           ; --          ; --             ;
; MISC_FILE                                       ; dom7.bsf                              ; --                           ; --          ; --             ;
; MISC_FILE                                       ; dom7.inc                              ; --                           ; --          ; --             ;
; MISC_FILE                                       ; dom7.cmp                              ; --                           ; --          ; --             ;
; MISC_FILE                                       ; sin.bsf                               ; --                           ; --          ; --             ;
; MISC_FILE                                       ; sin.inc                               ; --                           ; --          ; --             ;
; MISC_FILE                                       ; sin.cmp                               ; --                           ; --          ; --             ;
; MISC_FILE                                       ; lfosin.bsf                            ; --                           ; --          ; --             ;
; MISC_FILE                                       ; lfosin.inc                            ; --                           ; --          ; --             ;
; MISC_FILE                                       ; lfosin.cmp                            ; --                           ; --          ; --             ;
; MISC_FILE                                       ; threebytebank.bsf                     ; --                           ; --          ; --             ;
; MISC_FILE                                       ; threebytebank.inc                     ; --                           ; --          ; --             ;
; MISC_FILE                                       ; threebytebank.cmp                     ; --                           ; --          ; --             ;
; MISC_FILE                                       ; saw.bsf                               ; --                           ; --          ; --             ;
; MISC_FILE                                       ; saw.inc                               ; --                           ; --          ; --             ;
; MISC_FILE                                       ; saw.cmp                               ; --                           ; --          ; --             ;
; MISC_FILE                                       ; clkmult.bsf                           ; --                           ; --          ; --             ;
; MISC_FILE                                       ; clkmult.inc                           ; --                           ; --          ; --             ;
; MISC_FILE                                       ; clkmult.cmp                           ; --                           ; --          ; --             ;
; MISC_FILE                                       ; clkmult.ppf                           ; --                           ; --          ; --             ;
; PARTITION_COLOR                                 ; 16764057                              ; --                           ; --          ; Top            ;
; PARTITION_FITTER_PRESERVATION_LEVEL             ; PLACEMENT                             ; --                           ; --          ; Top            ;
; PARTITION_NETLIST_TYPE                          ; POST_FIT                              ; --                           ; --          ; Top            ;
; PHYSICAL_SYNTHESIS_COMBO_LOGIC                  ; On                                    ; Off                          ; --          ; --             ;
; PHYSICAL_SYNTHESIS_COMBO_LOGIC_FOR_AREA         ; On                                    ; Off                          ; --          ; --             ;
; PHYSICAL_SYNTHESIS_MAP_LOGIC_TO_MEMORY_FOR_AREA ; On                                    ; Off                          ; --          ; --             ;
; POWER_BOARD_THERMAL_MODEL                       ; None (CONSERVATIVE)                   ; --                           ; --          ; --             ;
; POWER_PRESET_COOLING_SOLUTION                   ; 23 MM HEAT SINK WITH 200 LFPM AIRFLOW ; --                           ; --          ; --             ;
; SEARCH_PATH                                     ; .                                     ; --                           ; --          ; --             ;
; USE_GENERATED_PHYSICAL_CONSTRAINTS              ; Off                                   ; --                           ; --          ; eda_blast_fpga ;
; USE_SIGNALTAP_FILE                              ; stp1.stp                              ; --                           ; --          ; --             ;
+-------------------------------------------------+---------------------------------------+------------------------------+-------------+----------------+


+-----------------------------------------------------------------------------------------------------------------------------+
; Flow Elapsed Time                                                                                                           ;
+-------------------------+--------------+-------------------------+---------------------+------------------------------------+
; Module Name             ; Elapsed Time ; Average Processors Used ; Peak Virtual Memory ; Total CPU Time (on all processors) ;
+-------------------------+--------------+-------------------------+---------------------+------------------------------------+
; Analysis & Synthesis    ; 00:00:47     ; 1.0                     ; 227 MB              ; 00:00:45                           ;
; Fitter                  ; 00:00:42     ; 1.0                     ; 211 MB              ; 00:00:42                           ;
; Assembler               ; 00:00:02     ; 1.0                     ; 177 MB              ; 00:00:02                           ;
; Classic Timing Analyzer ; 00:00:02     ; 1.0                     ; 170 MB              ; 00:00:03                           ;
; Total                   ; 00:01:33     ; --                      ; --                  ; 00:01:32                           ;
+-------------------------+--------------+-------------------------+---------------------+------------------------------------+


+---------------------------------------------------------------------------------------+
; Flow OS Summary                                                                       ;
+-------------------------+------------------+------------+------------+----------------+
; Module Name             ; Machine Hostname ; OS Name    ; OS Version ; Processor type ;
+-------------------------+------------------+------------+------------+----------------+
; Analysis & Synthesis    ; ----------       ; Windows XP ; 5.1        ; i686           ;
; Fitter                  ; ----------       ; Windows XP ; 5.1        ; i686           ;
; Assembler               ; ----------       ; Windows XP ; 5.1        ; i686           ;
; Classic Timing Analyzer ; ----------       ; Windows XP ; 5.1        ; i686           ;
+-------------------------+------------------+------------+------------+----------------+


------------
; Flow Log ;
------------
quartus_map --read_settings_files=on --write_settings_files=off 8bitbrain -c 8bitbrain
quartus_fit --read_settings_files=off --write_settings_files=off 8bitbrain -c 8bitbrain
quartus_asm --read_settings_files=off --write_settings_files=off 8bitbrain -c 8bitbrain
quartus_tan --read_settings_files=off --write_settings_files=off 8bitbrain -c 8bitbrain --timing_analysis_only



